[www.oferteo.pl/konto/zapytanie/17233417_zlecenia-na-wykonanie-sklepu-internetowego.html]
[www.oferteo.pl/images/manifest/android-48.png]
[www.oferteo.pl/images/manifest/apple-touch-icon.png]
[www.gstatic.com/firebasejs/8.0.0/firebase-app.js]
[www.gstatic.com/firebasejs/8.0.0/firebase-messaging.js]
[cdn.tagcommander.com/6939/tc_oferteopl_20.js]
[securepubads.g.doubleclick.net/tag/js/f.txt]
[www.oferteo.pl/app/dist/assets/app-customer-DWC_mM9u.js]
[www.oferteo.pl/app/dist/assets/notificationCounters-D-GgXq0f.js]
[www.oferteo.pl/app/dist/assets/Autocomplete-Clnw9Uky.js]
[www.oferteo.pl/app/dist/assets/Avatar-BKBeqzZ4.js]
[www.oferteo.pl/app/dist/assets/CodeInput--704KE3D.js]
[www.oferteo.pl/app/dist/assets/DatePicker-XhNBcMhw.js]
[www.oferteo.pl/app/dist/assets/DateRangePicker-Cl7AbmIs.js]
[www.oferteo.pl/app/dist/assets/DropdownSelect-Dq6MwJUP.js]
[www.oferteo.pl/app/dist/assets/location-Dy1lz0Ss.js]
[www.oferteo.pl/app/dist/assets/Utils-CO_u-q6i.js]
[www.oferteo.pl/app/dist/assets/FormGroup-DgmnNEmf.js]
[www.oferteo.pl/app/dist/assets/InputEventUtils-B1igV03H.js]
[www.oferteo.pl/app/dist/assets/FormInput-Dz7L9Tm4.js]
[www.oferteo.pl/app/dist/assets/OferteoLogo-CJQFU5jW.js]
[www.oferteo.pl/app/dist/assets/OButton-BCS5n2A5.js]
[www.oferteo.pl/app/dist/assets/OBadge.vue_vue_type_script_setup_true_lang-Dz0hTOFI.js]
[www.oferteo.pl/app/dist/assets/PageHeader-CNTFF3Yt.js]
[www.oferteo.pl/app/dist/assets/Rating-BViX-Mib.js]
[www.oferteo.pl/app/dist/assets/TimePicker-BRb1HOrI.js]
[www.oferteo.pl/app/dist/assets/AppRouterView.vue_vue_type_script_setup_true_lang-BtCjHj6D.js]
[www.oferteo.pl/app/dist/assets/Websocket-BQ0GEnKH.js]
[www.oferteo.pl/app/dist/assets/PushNotifications-C8jpihSs.js]
[www.oferteo.pl/app/dist/assets/_commonjsHelpers-BosuxZz1.js]
[www.oferteo.pl/app/dist/assets/instance-kcxMCm5B.js]
[www.oferteo.pl/app/dist/assets/screenSize-jU7yn9PQ.js]
[www.oferteo.pl/app/dist/assets/proProfile-CB2lQJzm.js]
[www.oferteo.pl/app/dist/assets/promoMessages-Be8NphCQ.js]
[www.oferteo.pl/app/dist/assets/TooltipElement-DseZi-iF.js]
[www.oferteo.pl/app/dist/assets/accountRecharge-D6jDjT-S.js]
[www.oferteo.pl/app/dist/assets/OLink.vue_vue_type_script_setup_true_lang-CdjJtmfg.js]
[www.oferteo.pl/app/dist/assets/OFooter.vue_vue_type_script_setup_true_lang-1fg_ne12.js]
[www.oferteo.pl/app/dist/assets/SimpleNavbar.vue_vue_type_script_setup_true_lang-DbwLzqC8.js]
[www.oferteo.pl/app/dist/assets/customerRfpList-C3DwfGu6.js]
[www.oferteo.pl/app/dist/assets/notificationCounters-klvMRpHo.css]
[www.oferteo.pl/app/dist/assets/Avatar-CGVapZ66.css]
[www.oferteo.pl/app/dist/assets/CodeInput-Ddv9K3IG.css]
[www.oferteo.pl/app/dist/assets/DatePicker-B6n_x4Jd.css]
[www.oferteo.pl/app/dist/assets/DateRangePicker-DchoGiM7.css]
[www.oferteo.pl/app/dist/assets/DropdownSelect-CleUyXWQ.css]
[www.oferteo.pl/app/dist/assets/FormGroup-BKD4Vc6V.css]
[www.oferteo.pl/app/dist/assets/FormInput-N-VdWQ2a.css]
[www.oferteo.pl/app/dist/assets/OferteoLogo-pBYr6FWQ.css]
[www.oferteo.pl/app/dist/assets/PageHeader-5Ba7n7vw.css]
[www.oferteo.pl/app/dist/assets/TimePicker-vOGoqJHC.css]
[www.oferteo.pl/app/dist/assets/Utils-D1ESluCw.css]
[www.oferteo.pl/app/dist/assets/TooltipElement-CCDbl5DE.css]
[www.oferteo.pl/app/dist/assets/app-customer-C5xNyLje.css]
[backblue.gif]
[fade.gif]
[index.html]
[www.oferteo.pl/konto/zapytanie/17233417_zlecenia-na-wykonanie-sklepu-internetowego.html]
[www.googletagmanager.com/gtm5445.html]
[www.oferteo.pl/app/dist/assets/notificationCounters-klvMRpHo.css]
[www.oferteo.pl/app/dist/assets/Avatar-CGVapZ66.css]
[www.oferteo.pl/app/dist/assets/CodeInput-Ddv9K3IG.css]
[www.oferteo.pl/app/dist/assets/DatePicker-B6n_x4Jd.css]
[www.oferteo.pl/app/dist/assets/DateRangePicker-DchoGiM7.css]
[www.oferteo.pl/app/dist/assets/DropdownSelect-CleUyXWQ.css]
[www.oferteo.pl/app/dist/assets/FormGroup-BKD4Vc6V.css]
[www.oferteo.pl/app/dist/assets/FormInput-N-VdWQ2a.css]
[www.oferteo.pl/app/dist/assets/OferteoLogo-pBYr6FWQ.css]
[www.oferteo.pl/app/dist/assets/PageHeader-5Ba7n7vw.css]
[www.oferteo.pl/app/dist/assets/Rating-BnSNawEb.css]
[www.oferteo.pl/app/dist/assets/TimePicker-vOGoqJHC.css]
[www.oferteo.pl/app/dist/assets/Utils-D1ESluCw.css]
[www.oferteo.pl/app/dist/assets/TooltipElement-CCDbl5DE.css]
[www.oferteo.pl/app/dist/assets/app-customer-C5xNyLje.css]
